// Jest Snapshot v1, https://goo.gl/fbAQLP

exports[`ArticleListSkeleton renders a list of skeleton cards without crashing 1`] = `
<div
  class="articles-grid"
>
  <ul
    class="articles-list flex flex-col gap-8"
  >
    <li>
      <div
        class="grid grid-cols-12 gap-4 items-center p-4 border border-solid border-dark/40 dark:border-light/40 rounded-lg animate-pulse"
      >
        <div
          class="col-span-4 md:col-span-12 h-48 rounded-lg bg-dark/10 dark:bg-light/10"
        />
        <div
          class="col-span-8 md:col-span-12 flex flex-col gap-3"
        >
          <div
            class="h-6 w-3/4 rounded bg-dark/10 dark:bg-light/10"
          />
          <div
            class="h-4 w-full rounded bg-dark/5 dark:bg-light/5"
          />
          <div
            class="h-4 w-2/3 rounded bg-dark/5 dark:bg-light/5"
          />
          <div
            class="flex gap-4 mt-2"
          >
            <div
              class="h-3 w-16 rounded bg-dark/10 dark:bg-light/10"
            />
            <div
              class="h-3 w-24 rounded bg-dark/10 dark:bg-light/10"
            />
          </div>
        </div>
      </div>
    </li>
    <li>
      <div
        class="grid grid-cols-12 gap-4 items-center p-4 border border-solid border-dark/40 dark:border-light/40 rounded-lg animate-pulse"
      >
        <div
          class="col-span-4 md:col-span-12 h-48 rounded-lg bg-dark/10 dark:bg-light/10"
        />
        <div
          class="col-span-8 md:col-span-12 flex flex-col gap-3"
        >
          <div
            class="h-6 w-3/4 rounded bg-dark/10 dark:bg-light/10"
          />
          <div
            class="h-4 w-full rounded bg-dark/5 dark:bg-light/5"
          />
          <div
            class="h-4 w-2/3 rounded bg-dark/5 dark:bg-light/5"
          />
          <div
            class="flex gap-4 mt-2"
          >
            <div
              class="h-3 w-16 rounded bg-dark/10 dark:bg-light/10"
            />
            <div
              class="h-3 w-24 rounded bg-dark/10 dark:bg-light/10"
            />
          </div>
        </div>
      </div>
    </li>
    <li>
      <div
        class="grid grid-cols-12 gap-4 items-center p-4 border border-solid border-dark/40 dark:border-light/40 rounded-lg animate-pulse"
      >
        <div
          class="col-span-4 md:col-span-12 h-48 rounded-lg bg-dark/10 dark:bg-light/10"
        />
        <div
          class="col-span-8 md:col-span-12 flex flex-col gap-3"
        >
          <div
            class="h-6 w-3/4 rounded bg-dark/10 dark:bg-light/10"
          />
          <div
            class="h-4 w-full rounded bg-dark/5 dark:bg-light/5"
          />
          <div
            class="h-4 w-2/3 rounded bg-dark/5 dark:bg-light/5"
          />
          <div
            class="flex gap-4 mt-2"
          >
            <div
              class="h-3 w-16 rounded bg-dark/10 dark:bg-light/10"
            />
            <div
              class="h-3 w-24 rounded bg-dark/10 dark:bg-light/10"
            />
          </div>
        </div>
      </div>
    </li>
  </ul>
</div>
`;
