// Jest Snapshot v1, https://goo.gl/fbAQLP

exports[`ProjectListSkeleton renders skeleton cards without crashing 1`] = `
<div
  class="projects-content"
>
  <div
    class="project_container--feat"
  >
    <div
      class="project"
    >
      <div
        class="project_image-link"
      >
        <div
          class="project_image h-48 bg-dark/10 dark:bg-light/10 rounded-lg animate-pulse"
        />
      </div>
      <div
        class="project_info-grid mt-4"
      >
        <div
          class="h-4 w-24 bg-dark/10 dark:bg-light/10 rounded mb-2 animate-pulse"
        />
        <div
          class="h-6 w-3/4 bg-dark/10 dark:bg-light/10 rounded mb-2 animate-pulse"
        />
        <div
          class="h-4 w-1/2 bg-dark/5 dark:bg-light/5 rounded animate-pulse"
        />
      </div>
    </div>
  </div>
  <div
    class="project_container"
  >
    <div
      class="project"
    >
      <div
        class="project_image-link"
      >
        <div
          class="project_image h-48 bg-dark/10 dark:bg-light/10 rounded-lg animate-pulse"
        />
      </div>
      <div
        class="project_info-grid mt-4"
      >
        <div
          class="h-4 w-24 bg-dark/10 dark:bg-light/10 rounded mb-2 animate-pulse"
        />
        <div
          class="h-6 w-3/4 bg-dark/10 dark:bg-light/10 rounded mb-2 animate-pulse"
        />
        <div
          class="h-4 w-1/2 bg-dark/5 dark:bg-light/5 rounded animate-pulse"
        />
      </div>
    </div>
  </div>
  <div
    class="project_container"
  >
    <div
      class="project"
    >
      <div
        class="project_image-link"
      >
        <div
          class="project_image h-48 bg-dark/10 dark:bg-light/10 rounded-lg animate-pulse"
        />
      </div>
      <div
        class="project_info-grid mt-4"
      >
        <div
          class="h-4 w-24 bg-dark/10 dark:bg-light/10 rounded mb-2 animate-pulse"
        />
        <div
          class="h-6 w-3/4 bg-dark/10 dark:bg-light/10 rounded mb-2 animate-pulse"
        />
        <div
          class="h-4 w-1/2 bg-dark/5 dark:bg-light/5 rounded animate-pulse"
        />
      </div>
    </div>
  </div>
</div>
`;
