// Jest Snapshot v1, https://goo.gl/fbAQLP

exports[`ProjectListSkeleton renders skeleton cards without crashing 1`] = `
<div
  class="projects-page"
  data-testid="projects-skeleton"
>
  <section
    class="projects-blade projects-blade--hero"
  >
    <div
      class="projects-title flex flex-col items-center gap-2"
    >
      <div
        class="h-10 w-3/4 bg-dark/10 dark:bg-light/10 rounded animate-pulse"
      />
      <div
        class="h-10 w-1/2 bg-dark/10 dark:bg-light/10 rounded animate-pulse projects-skeleton__title-line2"
      />
    </div>
    <div
      class="projects-blade__filter-wrapper"
    >
      <div
        class="tech-filter"
      >
        <div
          class="tech-filter__chips justify-center"
        >
          <div
            class="h-7 rounded-full bg-dark/10 dark:bg-light/10 rounded animate-pulse"
            style="width: 80px;"
          />
          <div
            class="h-7 rounded-full bg-dark/10 dark:bg-light/10 rounded animate-pulse"
            style="width: 108px;"
          />
          <div
            class="h-7 rounded-full bg-dark/10 dark:bg-light/10 rounded animate-pulse"
            style="width: 84px;"
          />
          <div
            class="h-7 rounded-full bg-dark/10 dark:bg-light/10 rounded animate-pulse"
            style="width: 52px;"
          />
          <div
            class="h-7 rounded-full bg-dark/10 dark:bg-light/10 rounded animate-pulse"
            style="width: 68px;"
          />
          <div
            class="h-7 rounded-full bg-dark/10 dark:bg-light/10 rounded animate-pulse"
            style="width: 96px;"
          />
          <div
            class="h-7 rounded-full bg-dark/10 dark:bg-light/10 rounded animate-pulse"
            style="width: 60px;"
          />
          <div
            class="h-7 rounded-full bg-dark/10 dark:bg-light/10 rounded animate-pulse"
            style="width: 76px;"
          />
          <div
            class="h-7 rounded-full bg-dark/10 dark:bg-light/10 rounded animate-pulse"
            style="width: 88px;"
          />
          <div
            class="h-7 rounded-full bg-dark/10 dark:bg-light/10 rounded animate-pulse"
            style="width: 72px;"
          />
        </div>
      </div>
    </div>
    <div
      class="projects-blade__featured"
    >
      <article
        aria-hidden="true"
        class="project-card project-card--featured"
      >
        <div
          class="project-card__image-link--featured w-full"
        >
          <div
            class="h-full w-full rounded-xl border border-dark/20 bg-dark/5 p-3 dark:border-light/20 dark:bg-light/5"
          >
            <div
              class="h-full w-full bg-dark/10 dark:bg-light/10 rounded animate-pulse rounded-lg"
            />
          </div>
        </div>
        <div
          class="project-card__content--featured"
        >
          <div
            class="project-card__context"
          >
            <div
              class="project-card__tags h-3 w-full bg-dark/10 dark:bg-light/10 rounded animate-pulse"
            />
          </div>
          <div
            class="project-card__title-link my-1.5 space-y-2 w-full"
          >
            <div
              class="h-7 w-11/12 bg-dark/10 dark:bg-light/10 rounded animate-pulse"
            />
            <div
              class="h-7 w-3/4 bg-dark/10 dark:bg-light/10 rounded animate-pulse"
            />
          </div>
          <div
            class="project-card__summary flex-col gap-2"
          >
            <div
              class="h-3.5 w-11/12 bg-dark/10 dark:bg-light/10 rounded animate-pulse"
            />
            <div
              class="h-3.5 w-10/12 bg-dark/10 dark:bg-light/10 rounded animate-pulse"
            />
            <div
              class="h-3.5 w-8/12 bg-dark/10 dark:bg-light/10 rounded animate-pulse"
            />
          </div>
          <div
            class="project-card__actions project-card__actions--featured project-card__actions--visible"
          >
            <div
              class="h-9 w-28 bg-dark/10 dark:bg-light/10 rounded animate-pulse rounded-md mr-auto"
            />
            <div
              class="h-9 w-9 bg-dark/10 dark:bg-light/10 rounded animate-pulse rounded-full"
            />
            <div
              class="h-9 w-28 bg-dark/10 dark:bg-light/10 rounded animate-pulse rounded-md ml-auto"
            />
          </div>
        </div>
      </article>
    </div>
  </section>
  <section
    class="projects-blade projects-blade--grid"
  >
    <div
      class="projects-grid"
    >
      <div
        class="projects-grid__item"
      >
        <article
          aria-hidden="true"
          class="project-card project-card--grid"
        >
          <div
            class="project-card__image-link w-full"
          >
            <div
              class="w-full bg-dark/10 dark:bg-light/10 rounded animate-pulse rounded-lg"
            />
          </div>
          <div
            class="project-card__content w-full mt-4"
          >
            <div
              class="h-4 w-24 bg-dark/10 dark:bg-light/10 rounded animate-pulse"
            />
            <div
              class="h-6 w-full bg-dark/10 dark:bg-light/10 rounded animate-pulse my-2"
            />
            <div
              class="flex items-center justify-between w-full mt-2"
            >
              <div
                class="w-8 h-8 bg-dark/10 dark:bg-light/10 rounded animate-pulse rounded-full"
              />
              <div
                class="h-4 w-12 bg-dark/10 dark:bg-light/10 rounded animate-pulse"
              />
            </div>
          </div>
        </article>
      </div>
      <div
        class="projects-grid__item"
      >
        <article
          aria-hidden="true"
          class="project-card project-card--grid"
        >
          <div
            class="project-card__image-link w-full"
          >
            <div
              class="w-full bg-dark/10 dark:bg-light/10 rounded animate-pulse rounded-lg"
            />
          </div>
          <div
            class="project-card__content w-full mt-4"
          >
            <div
              class="h-4 w-24 bg-dark/10 dark:bg-light/10 rounded animate-pulse"
            />
            <div
              class="h-6 w-full bg-dark/10 dark:bg-light/10 rounded animate-pulse my-2"
            />
            <div
              class="flex items-center justify-between w-full mt-2"
            >
              <div
                class="w-8 h-8 bg-dark/10 dark:bg-light/10 rounded animate-pulse rounded-full"
              />
              <div
                class="h-4 w-12 bg-dark/10 dark:bg-light/10 rounded animate-pulse"
              />
            </div>
          </div>
        </article>
      </div>
    </div>
  </section>
  <section
    class="projects-blade projects-blade--hero projects-blade--secondary"
  >
    <div
      class="projects-blade__featured"
    >
      <article
        aria-hidden="true"
        class="project-card project-card--featured"
      >
        <div
          class="project-card__image-link--featured w-full"
        >
          <div
            class="h-full w-full rounded-xl border border-dark/20 bg-dark/5 p-3 dark:border-light/20 dark:bg-light/5"
          >
            <div
              class="h-full w-full bg-dark/10 dark:bg-light/10 rounded animate-pulse rounded-lg"
            />
          </div>
        </div>
        <div
          class="project-card__content--featured"
        >
          <div
            class="project-card__context"
          >
            <div
              class="project-card__tags h-3 w-full bg-dark/10 dark:bg-light/10 rounded animate-pulse"
            />
          </div>
          <div
            class="project-card__title-link my-1.5 space-y-2 w-full"
          >
            <div
              class="h-7 w-11/12 bg-dark/10 dark:bg-light/10 rounded animate-pulse"
            />
            <div
              class="h-7 w-3/4 bg-dark/10 dark:bg-light/10 rounded animate-pulse"
            />
          </div>
          <div
            class="project-card__summary flex-col gap-2"
          >
            <div
              class="h-3.5 w-11/12 bg-dark/10 dark:bg-light/10 rounded animate-pulse"
            />
            <div
              class="h-3.5 w-10/12 bg-dark/10 dark:bg-light/10 rounded animate-pulse"
            />
            <div
              class="h-3.5 w-8/12 bg-dark/10 dark:bg-light/10 rounded animate-pulse"
            />
          </div>
          <div
            class="project-card__actions project-card__actions--featured project-card__actions--visible"
          >
            <div
              class="h-9 w-28 bg-dark/10 dark:bg-light/10 rounded animate-pulse rounded-md mr-auto"
            />
            <div
              class="h-9 w-9 bg-dark/10 dark:bg-light/10 rounded animate-pulse rounded-full"
            />
            <div
              class="h-9 w-28 bg-dark/10 dark:bg-light/10 rounded animate-pulse rounded-md ml-auto"
            />
          </div>
        </div>
      </article>
    </div>
  </section>
  <section
    class="projects-blade projects-blade--grid"
  >
    <div
      class="projects-grid"
    >
      <div
        class="projects-grid__item"
      >
        <article
          aria-hidden="true"
          class="project-card project-card--grid"
        >
          <div
            class="project-card__image-link w-full"
          >
            <div
              class="w-full bg-dark/10 dark:bg-light/10 rounded animate-pulse rounded-lg"
            />
          </div>
          <div
            class="project-card__content w-full mt-4"
          >
            <div
              class="h-4 w-24 bg-dark/10 dark:bg-light/10 rounded animate-pulse"
            />
            <div
              class="h-6 w-full bg-dark/10 dark:bg-light/10 rounded animate-pulse my-2"
            />
            <div
              class="flex items-center justify-between w-full mt-2"
            >
              <div
                class="w-8 h-8 bg-dark/10 dark:bg-light/10 rounded animate-pulse rounded-full"
              />
              <div
                class="h-4 w-12 bg-dark/10 dark:bg-light/10 rounded animate-pulse"
              />
            </div>
          </div>
        </article>
      </div>
      <div
        class="projects-grid__item"
      >
        <article
          aria-hidden="true"
          class="project-card project-card--grid"
        >
          <div
            class="project-card__image-link w-full"
          >
            <div
              class="w-full bg-dark/10 dark:bg-light/10 rounded animate-pulse rounded-lg"
            />
          </div>
          <div
            class="project-card__content w-full mt-4"
          >
            <div
              class="h-4 w-24 bg-dark/10 dark:bg-light/10 rounded animate-pulse"
            />
            <div
              class="h-6 w-full bg-dark/10 dark:bg-light/10 rounded animate-pulse my-2"
            />
            <div
              class="flex items-center justify-between w-full mt-2"
            >
              <div
                class="w-8 h-8 bg-dark/10 dark:bg-light/10 rounded animate-pulse rounded-full"
              />
              <div
                class="h-4 w-12 bg-dark/10 dark:bg-light/10 rounded animate-pulse"
              />
            </div>
          </div>
        </article>
      </div>
    </div>
  </section>
</div>
`;
